         528         576           9         512        4224         576           0
         460         383         356         389         388         382         363         386         385
         462         356         357         365         443         363         362         364         442
         494         389         388         375         387         386         385         373         384
         470         443         441         365         440         442         439         364         438
         509         376         375         437         436         374         373         435         434
         422         423         433         341         421         422         432         340         420
         488         433         366         372         376         432         368         371         374
         423         341         421         344         430         340         420         396         427
         511         372         431         430         429         371         428         427         426
         445         339         344         441         440         338         396         439         438
         388         352         355         325         350         351         354         323         348
         436         355         343         336         339         354         342         337         338
         390         325         350         324         349         323         348         322         347
         438         339         441         336         353         338         439         337         405
         391         324         349         431         429         322         347         428         426
         402         415         333         414         326         413         332         412         328
         398         333         331         329         320         332         330         402         321
         403         414         326         411         327         412         328         410         401
         399         320         437         329         436         321         435         402         434
         439         443         411         441         353         442         410         439         405
         490         425         383         366         389         424         382         368         386
         495         366         389         376         375         368         386         374         373
         510         375         387         436         429         373         384         434         426
         410         346         331         415         333         345         330         413         332
         400         326         333         327         329         328         332         401         402
         407         329         436         327         429         402         434         401         426
         491         425         366         423         433         424         368         422         432
         489         421         433         430         372         420         432         427         371
         511         376         437         372         431         374         435         371         428
         389         346         352         331         325         345         351         330         323
         396         331         325         320         324         330         323         321         322
         397         320         324         437         431         321         322         435         428
         461         419         357         383         356         418         362         382         363
         463         388         356         387         365         385         363         384         364
         471         365         440         387         429         364         438         384         426
         420         335         423         343         341         334         422         342         340
         444         343         341         339         344         342         340         338         396
         435         344         430         440         429         396         427         438         426
         459         417         419         425         383         416         418         424         382
         427         417         425         335         423         416         424         334         422
         425         335         343         352         355         334         342         351         354
         437         350         355         349         336         348         354         347         337
         434         336         353         349         429         337         405         347         426
         458         419         415         357         414         418         413         362         412
         457         357         414         443         411         362         412         442         410
         406         411         327         353         429         410         401         405         426
         411         417         346         419         415         416         345         418         413
         426         417         335         346         352         416         334         345         351
         450         382         363         386         385         377         361         381         380
         464         363         362         364         442         361         360         359         358
         492         386         385         373         384         381         380         379         378
         468         442         439         364         438         358         409         359         408
         508         374         373         435         434         370         379         505         504
         421         422         432         340         420         399         407         391         398
         480         432         368         371         374         407         367         369         370
         416         340         420         396         427         391         398         395         406
         498         371         428         427         426         369         503         406         502
         447         338         396         439         438         501         395         409         408
         384         351         354         323         348         500         499         498         497
         446         354         342         337         338         499         496         495         501
         386         323         348         322         347         498         497         494         493
         443         338         439         337         405         501         409         495         492
         387         322         347         428         426         494         493         503         502
         413         413         332         412         328         393         491         392         390
         394         332         330         402         321         491         490         489         488
         405         412         328         410         401         392         390         404         400
         395         321         435         402         434         488         505         489         504
         479         442         410         439         405         358         404         409         492
         482         424         382         368         386         403         377         367         381
         493         368         386         374         373         367         381         370         379
         506         373         384         434         426         379         378         504         502
         408         345         330         413         332         487         490         393         491
         401         328         332         401         402         390         491         400         489
         507         402         434         401         426         489         504         400         502
         486         424         368         422         432         403         367         399         407
         500         420         432         427         371         398         407         406         369
         499         374         435         371         428         370         505         369         503
         385         345         351         330         323         487         500         490         498
         392         330         323         321         322         490         498         488         494
         393         321         322         435         428         488         494         505         503
         454         418         362         382         363         397         360         377         361
         451         385         363         384         364         380         361         378         359
         469         364         438         384         426         359         408         378         502
         418         334         422         342         340         486         399         496         391
         447         342         340         338         396         496         391         501         395
         502         396         427         438         426         395         406         408         502
         455         416         418         424         382         394         397         403         377
         430         416         424         334         422         394         403         486         399
         424         334         342         351         354         486         496         500         499
         433         348         354         347         337         497         499         493         495
         432         337         405         347         426         495         492         493         502
         456         418         413         362         412         397         393         360         392
         479         362         412         442         410         360         392         358         404
         404         410         401         405         426         404         400         492         502
         409         416         345         418         413         394         487         397         393
         431         416         334         345         351         394         486         487         500
         448         377         361         381         380         485         484         483         482
         477         361         360         359         358         484         481         480         479
         449         381         380         379         378         483         482         478         477
         466         358         409         359         408         479         476         480         475
         504         370         379         505         504         474         478         473         472
         487         399         407         391         398         471         470         469         468
         484         407         367         369         370         470         467         466         474
         417         391         398         395         406         469         468         465         464
         496         369         503         406         502         466         463         464         462
         441         501         395         409         408         461         465         476         475
         349         500         499         498         497         444         277         298         276
         346         499         496         495         501         277         446         460         461
         340         498         497         494         493         298         276         300         299
         442         501         409         495         492         461         476         460         459
         379         494         493         503         502         300         299         463         462
         415         393         491         392         390         458         457         456         455
         370         491         490         489         488         457         450         449         285
         473         392         390         404         400         456         455         454         453
         371         488         505         489         504         285         473         449         472
         472         358         404         409         492         479         454         476         459
         483         403         377         367         381         452         485         467         483
         481         367         381         370         379         467         483         474         478
         505         379         378         504         502         478         477         472         462
         415         487         490         393         491         451         450         458         457
         412         390         491         400         489         455         457         453         449
         475         489         504         400         502         449         472         453         462
         485         403         367         399         407         452         467         471         470
         501         398         407         406         369         468         470         464         466
         497         370         505         369         503         474         473         466         463
         368         487         500         490         498         451         444         450         298
         369         490         498         488         494         450         298         285         300
         378         488         494         505         503         285         300         473         463
         452         397         360         377         361         448         481         485         484
         465         380         361         378         359         482         484         477         480
         467         359         408         378         502         480         475         477         462
         419         486         399         496         391         447         471         446         469
         440         496         391         501         395         446         469         461         465
         503         395         406         408         502         465         464         475         462
         453         394         397         403         377         445         448         452         485
         428         394         403         486         399         445         452         447         471
         351         486         496         500         499         447         446         444         277
         347         497         499         493         495         276         277         299         460
         336         495         492         493         502         460         459         299         462
         476         397         393         360         392         448         458         481         456
         478         360         392         358         404         481         456         479         454
         474         404         400         492         502         454         453         459         462
         414         394         487         397         393         445         451         448         458
         429         394         486         487         500         445         447         451         444
         319         485         484         483         482         274         267         273         272
         318         484         481         480         479         267         266         265         264
         299         483         482         478         477         273         272         271         270
         302         479         476         480         475         264         317         265         269
         270         474         478         473         472         258         271         312         311
         285         471         470         469         468         256         255         306         254
         276         470         467         466         474         255         260         259         258
         282         469         468         465         464         306         254         305         257
         262         466         463         464         462         259         315         257         314
         288         461         465         476         475         318         305         317         269
         348         444         277         298         276         295         282         294         281
         344         277         446         460         461         282         319         280         318
         342         298         276         300         299         294         281         297         296
         338         461         476         460         459         318         317         280         316
         381         300         299         463         462         297         296         315         314
         310         458         457         456         455         309         313         261         308
         375         457         450         449         285         313         289         288         287
         311         456         455         454         453         261         308         263         307
         383         285         473         449         472         287         312         288         311
         290         479         454         476         459         264         263         317         316
         275         452         485         467         483         268         274         260         273
         278         467         483         474         478         260         273         258         271
         267         478         477         472         462         271         270         311         314
         373         451         450         458         457         310         289         309         313
         374         455         457         453         449         308         313         307         288
         382         449         472         453         462         288         311         307         314
         274         452         467         471         470         268         260         256         255
         283         468         470         464         466         254         255         257         259
         271         474         473         466         463         258         312         259         315
         372         451         444         450         298         310         295         289         294
         377         450         298         285         300         289         294         287         297
         383         285         300         473         463         287         297         312         315
         319         448         481         485         484         262         266         274         267
         298         482         484         477         480         272         267         270         265
         297         480         475         477         462         265         269         270         314
         287         447         471         446         469         304         256         319         306
         345         446         469         461         465         319         306         318         305
         263         465         464         475         462         305         257         269         314
         314         445         448         452         485         303         262         268         274
         273         445         452         447         471         303         268         304         256
         351         447         446         444         277         304         319         295         282
         341         276         277         299         460         281         282         296         280
         337         460         459         299         462         280         316         296         314
         308         448         458         481         456         262         309         266         261
         309         481         456         479         454         266         261         264         263
         295         454         453         459         462         263         307         316         314
         315         445         451         448         458         303         310         262         309
         350         445         447         451         444         303         304         310         295
         317         274         267         273         272         576         575         574         573
         303         267         266         265         264         575         572         571         570
         265         273         272         271         270         574         573         569         568
         300         264         317         265         269         570         567         571         566
         268         258         271         312         311         565         569         564         563
         284         256         255         306         254         562         561         560         559
         277         255         260         259         258         561         558         557         565
         280         306         254         305         257         560         559         556         555
         260         259         315         257         314         557         302         555         301
         289         318         305         317         269         554         556         567         566
         330         295         282         294         281         291         275         290         279
         322         282         319         280         318         275         553         278         554
         343         294         281         297         296         290         279         293         292
         323         318         317         280         316         554         567         278         552
         380         297         296         315         314         293         292         302         301
         306         309         313         261         308         551         550         549         548
         358         313         289         288         287         550         283         284         286
         307         261         308         263         307         549         548         547         546
         363         287         312         288         311         286         564         284         563
         291         264         263         317         316         570         547         567         552
         279         268         274         260         273         545         576         558         574
         264         260         273         258         271         558         574         565         569
         266         271         270         311         314         569         568         563         301
         359         310         289         309         313         544         283         551         550
         366         308         313         307         288         548         550         546         284
         367         288         311         307         314         284         563         546         301
         272         268         260         256         255         545         558         562         561
         281         254         255         257         259         559         561         555         557
         269         258         312         259         315         565         564         557         302
         356         310         295         289         294         544         291         283         290
         357         289         294         287         297         283         290         286         293
         376         287         297         312         315         286         293         564         302
         316         262         266         274         267         543         572         576         575
         296         272         267         270         265         573         575         568         571
         301         265         269         270         314         571         566         568         301
         287         304         256         319         306         542         562         553         560
         320         319         306         318         305         553         560         554         556
         261         305         257         269         314         556         555         566         301
         312         303         262         268         274         541         543         545         576
         286         303         268         304         256         541         545         542         562
         334         304         319         295         282         542         553         291         275
         331         281         282         296         280         279         275         292         278
         339         280         316         296         314         278         552         292         301
         304         262         309         266         261         543         551         572         549
         305         266         261         264         263         572         549         570         547
         294         263         307         316         314         547         546         552         301
         313         303         310         262         309         541         544         543         551
         335         303         304         310         295         541         542         544         291
         186         576         575         574         573         147         146         133         145
         130         575         572         571         570         146         129         512         126
         187         574         573         569         568         133         145         519         518
         131         570         567         571         566         126         527         512         511
         235         565         569         564         563         513         519         521         520
         200         562         561         560         559         152         148         510         155
         202         561         558         557         565         148         191         540         513
         201         560         559         556         555         510         155         509         538
         256         557         302         555         301         540         539         538         537
         208         554         556         567         566         530         509         527         511
         328         291         275         290         279         536         535         534         533
         326         275         553         278         554         535         532         531         530
         329         290         279         293         292         534         533         529         528
         327         554         567         278         552         530         527         531         526
         361         293         292         302         301         529         528         539         537
         146         551         550         549         548         516         525         130         515
         354         550         283         284         286         525         524         523         522
         147         549         548         547         546         130         515         507         514
         362         286         564         284         563         522         521         523         520
         128         570         547         567         552         126         507         527         526
         184         545         576         558         574         190         147         191         133
         185         558         574         565         569         191         133         513         519
         258         569         568         563         301         519         518         520         537
         355         544         283         551         550         517         524         516         525
         364         548         550         546         284         515         525         514         523
         365         284         563         546         301         523         520         514         537
         195         545         558         562         561         190         191         152         148
         203         559         561         555         557         155         148         538         540
         257         565         564         557         302         513         521         540         539
         352         544         291         283         290         517         536         524         534
         353         283         290         286         293         524         534         522         529
         360         286         293         564         302         522         529         521         539
         133         543         572         576         575         141         129         147         146
         132         573         575         568         571         145         146         518         512
         293         571         566         568         301         512         511         518         537
         194         542         562         553         560         508         152         532         510
         321         553         560         554         556         532         510         530         509
         259         556         555         566         301         509         538         511         537
         151         541         543         545         576         506         141         190         147
         193         541         545         542         562         506         190         508         152
         332         542         553         291         275         508         532         536         535
         324         279         275         292         278         533         535         528         531
         325         278         552         292         301         531         526         528         537
         144         543         551         572         549         141         516         129         130
         129         572         549         570         547         129         130         126         507
         292         547         546         552         301         507         514         526         537
         150         541         544         543         551         506         517         141         516
         333         541         542         544         291         506         508         517         536
         191         147         146         133         145         144         143         137         132
         135         146         129         512         126         143         138         142         125
         182         133         145         519         518         137         132         188         131
         143         126         527         512         511         125         182         142         181
         236         513         519         521         520         189         188         156         187
         206         152         148         510         155         186         185         154         153
         207         148         191         540         513         185         184         168         189
         214         510         155         509         538         154         153         150         167
         224         540         539         538         537         168         160         167         183
         210         530         509         527         511         151         150         182         181
         255         536         535         534         533         166         165         158         157
         221         535         532         531         530         165         149         164         151
         255         534         533         529         528         158         157         162         161
         209         530         527         531         526         151         182         164         180
         250         529         528         539         537         162         161         160         183
         159         516         525         130         515         171         179         128         127
         242         525         524         523         522         179         178         177         159
         158         130         515         507         514         128         127         169         176
         234         522         521         523         520         159         156         177         187
         138         126         507         527         526         125         169         182         180
         189         190         147         191         133         175         144         184         137
         190         191         133         513         519         184         137         189         188
         183         519         518         520         537         188         131         187         183
         149         517         524         516         525         174         178         171         179
         159         515         525         514         523         127         179         176         177
         225         523         520         514         537         177         187         176         183
         197         190         191         152         148         175         184         186         185
         204         155         148         538         540         153         185         167         168
         238         513         521         540         539         189         156         168         160
         246         517         536         524         534         174         166         178         158
         243         524         534         522         529         178         158         159         162
         233         522         529         521         539         159         162         156         160
         134         141         129         147         146         140         138         144         143
         180         145         146         518         512         132         143         131         142
         181         512         511         518         537         142         181         131         183
         218         508         152         532         510         163         186         149         154
         220         532         510         530         509         149         154         151         150
         215         509         538         511         537         150         167         181         183
         188         506         141         190         147         173         140         175         144
         196         506         190         508         152         173         175         163         186
         219         508         532         536         535         163         149         166         165
         251         533         535         528         531         157         165         161         164
         248         531         526         528         537         164         180         161         183
         145         141         516         129         130         140         171         138         128
         139         129         130         126         507         138         128         125         169
         136         507         514         526         537         169         176         180         183
         148         506         517         141         516         173         174         140         171
         192         506         508         517         536         173         163         174         166
         191         144         143         137         132         136         139         135         134
         141         143         138         142         125         139         253         252         251
         178         137         132         188         131         135         134         250         249
         142         125         182         142         181         251         248         252         247
         237         189         188         156         187         246         250         245         244
         199         186         185         154         153         243         242         241         240
         239         185         184         168         189         242         172         239         246
         212         154         153         150         167         241         240         238         237
         230         168         160         167         183         239         236         237         235
         211         151         150         182         181         234         238         248         247
         253         166         165         158         157         233         232         231         230
         223         165         149         164         151         232         229         228         234
         254         158         157         162         161         231         230         227         226
         222         151         182         164         180         234         248         228         225
         231         162         161         160         183         227         226         236         235
         155         171         179         128         127         224         223         222         221
         240         179         178         177         159         223         220         219         218
         157         128         127         169         176         222         221         217         216
         232         159         156         177         187         218         245         219         244
         137         125         169         182         180         251         217         248         225
         171         175         144         184         137         170         136         172         135
         170         184         137         189         188         172         135         246         250
         179         188         131         187         183         250         249         244         235
         247         174         178         171         179         215         220         224         223
         156         127         179         176         177         221         223         216         219
         226         177         187         176         183         219         244         216         235
         174         175         184         186         185         170         172         243         242
         205         153         185         167         168         240         242         237         239
         228         189         156         168         160         246         245         239         236
         244         174         166         178         158         215         233         220         231
         241         178         158         159         162         220         231         218         227
         229         159         162         156         160         218         227         245         236
         166         140         138         144         143         214         253         136         139
         176         132         143         131         142         134         139         249         252
         177         142         181         131         183         252         247         249         235
         216         163         186         149         154         213         243         229         241
         223         149         154         151         150         229         241         234         238
         213         150         167         181         183         238         237         247         235
         167         173         140         175         144         212         214         170         136
         198         173         175         163         186         212         170         213         243
         217         163         149         166         165         213         229         233         232
         252         157         165         161         164         230         232         226         228
         249         164         180         161         183         228         225         226         235
         154         140         171         138         128         214         224         253         222
         140         138         128         125         169         253         222         251         217
         227         169         176         180         183         217         216         225         235
         153         173         174         140         171         212         215         214         224
         245         173         163         174         166         212         213         215         233
         160         136         139         135         134         211         210         209         208
         162         139         253         252         251         210         207         206         205
         161         135         134         250         249         209         208         204         203
          95         251         248         252         247         205         124         206         123
         122         246         250         245         244         199         204         122          57
          29         243         242         241         240         197         202           5         113
         169         242         172         239         246         202         201         200         199
          31         241         240         238         237           5         113          93         120
         114         239         236         237         235         200         121         120         119
           6         234         238         248         247          11          93         124         123
          58         233         232         231         230          38          37          24          36
           2         232         229         228         234          37          12           3          11
          59         231         230         227         226          24          36          17          35
           3         234         248         228         225          11         124           3         114
          63         227         226         236         235          17          35         121         119
          39         224         223         222         221         193         105         192         118
          35         223         220         219         218         105          23         115         116
          91         222         221         217         216         192         118          44         117
         123         218         245         219         244         116         122         115          57
          94         251         217         248         225         205          44         124         114
         175         170         136         172         135         198         211         201         209
         168         172         135         246         250         201         209         199         204
         120         250         249         244         235         204         203          57         119
          34         215         220         224         223          13          23         193         105
          38         221         223         216         219         118         105         117         115
         121         219         244         216         235         115          57         117         119
         172         170         172         243         242         198         201         197         202
         115         240         242         237         239         113         202         120         200
         112         246         245         239         236         199         122         200         121
          33         215         233         220         231          13          38          23          24
          62         220         231         218         227          23          24         116          17
          63         218         227         245         236         116          17         122         121
         164         214         253         136         139         196         207         211         210
         163         134         139         249         252         208         210         203         206
          95         252         247         249         235         206         123         203         119
          26         213         243         229         241         194         197          12           5
          27         229         241         234         238          12           5          11          93
           7         238         237         247         235          93         120         123         119
         165         212         214         170         136         195         196         198         211
         173         212         170         213         243         195         198         194         197
          24         213         229         233         232         194          12          38          37
           0         230         232         226         228          36          37          35           3
           1         228         225         226         235           3         114          35         119
         152         214         224         253         222         196         193         207         192
          90         253         222         251         217         207         192         205          44
          93         217         216         225         235          44         117         114         119
          46         212         215         214         224         195          13         196         193
          47         212         213         215         233         195         194          13          38
          71         211         210         209         208          68          67          72          71
          78         210         207         206         205          67          48          40          49
         106         209         208         204         203          72          71          60          70
          79         205         124         206         123          49         112          40         111
         127         199         204         122          57          61          60         110          69
          28         197         202           5         113          96         109           6          95
         102         202         201         200         199         109          56          59          61
          31           5         113          93         120           6          95          92         107
         118         200         121         120         119          59         108         107         106
           4          11          93         124         123           9          92         112         111
          56          38          37          24          36          34          33          22          32
          11          37          12           3          11          33          10           2           9
          57          24          36          17          35          22          32          16          31
           5          11         124           3         114           9         112           2          98
          61          17          35         121         119          16          31         108         106
          82         193         105         192         118         104         103          51         102
          37         105          23         115         116         103          21          99         100
          83         192         118          44         117          51         102          50         101
         125         116         122         115          57         100         110          99          69
          89         205          44         124         114          49          50         112          98
         103         198         211         201         209          97          68          56          72
         107         201         209         199         204          56          72          61          60
         127         204         203          57         119          60          70          69         106
          32          13          23         193         105          19          21         104         103
          36         118         105         117         115         102         103         101          99
         126         115          57         117         119          99          69         101         106
         100         198         201         197         202          97          56          96         109
          99         113         202         120         200          95         109         107          59
         113         199         122         200         121          61         110          59         108
          40          13          38          23          24          19          34          21          22
          54          23          24         116          17          21          22         100          16
          60         116          17         122         121         100          16         110         108
          70         196         207         211         210          94          48          68          67
          76         208         210         203         206          71          67          70          40
          77         206         123         203         119          40         111          70         106
          25         194         197          12           5          30          96          10           6
          30          12           5          11          93          10           6           9          92
         119          93         120         123         119          92         107         111         106
          69         195         196         198         211          91          94          97          68
          16         195         198         194         197          91          97          30          96
          18         194          12          38          37          30          10          34          33
          14          36          37          35           3          32          33          31           2
          15           3         114          35         119           2          98          31         106
          66         196         193         207         192          94         104          48          51
          88         207         192         205          44          48          51          49          50
          92          44         117         114         119          50         101          98         106
          44         195          13         196         193          91          19          94         104
          45         195         194          13          38          91          30          19          34
         110          68          67          72          71          66          65          52          64
          74          67          48          40          49          65          41          39          45
         111          72          71          60          70          52          64          53          63
          75          49         112          40         111          45          90          39          89
         104          61          60         110          69          55          53          88          62
          22          96         109           6          95          77          87           4          76
          97         109          56          59          61          87          54          58          55
          23           6          95          92         107           4          76          74          85
         116          59         108         107         106          58          86          85          84
           9           9          92         112         111           7          74          90          89
          51          34          33          22          32          29          28          15          27
          10          33          10           2           9          28           8           1           7
          50          22          32          16          31          15          27          14          26
           8           9         112           2          98           7          90           1          79
          49          16          31         108         106          14          26          86          84
          80         104         103          51         102          83          82          47          43
          55         103          21          99         100          82          20          80          81
          85          51         102          50         101          47          43          46          42
         124         100         110          99          69          81          88          80          62
          84          49          50         112          98          45          46          90          79
         108          97          68          56          72          78          66          54          52
         109          56          72          61          60          54          52          55          53
         105          60          70          69         106          53          63          62          84
          42          19          21         104         103          18          20          83          82
          81         102         103         101          99          43          82          42          80
          87          99          69         101         106          80          62          42          84
         101          97          56          96         109          78          54          77          87
          98          95         109         107          59          76          87          85          58
          96          61         110          59         108          55          88          58          86
          52          19          34          21          22          18          29          20          15
          53          21          22         100          16          20          15          81          14
          48         100          16         110         108          81          14          88          86
          67          94          48          68          67          75          41          66          65
          72          71          67          70          40          64          65          63          39
          73          40         111          70         106          39          89          63          84
          20          30          96          10           6          25          77           8           4
          21          10           6           9          92           8           4           7          74
         117          92         107         111         106          74          85          89          84
          68          91          94          97          68          73          75          78          66
          17          91          97          30          96          73          78          25          77
          19          30          10          34          33          25           8          29          28
          12          32          33          31           2          27          28          26           1
          13           2          98          31         106           1          79          26          84
          64          94         104          48          51          75          83          41          47
          65          48          51          49          50          41          47          45          46
          86          50         101          98         106          46          42          79          84
          43          91          19          94         104          73          18          75          83
          41          91          30          19          34          73          25          18          29
