         312         336           8         256        2496         336           0
         223         206         217         205         201         204         232         203         200
         223         201         217         216         215         200         232         260         231
         219         205         201         214         216         203         200         213         260
         207         216         196         214         195         260         258         213         242
         206         216         191         196         194         260         259         258         257
         203         215         193         216         191         231         238         260         259
         211         206         205         198         197         204         203         199         202
         210         197         205         212         214         202         203         253         213
         211         198         197         211         212         199         202         239         253
         201         212         191         211         193         253         259         239         238
         200         212         192         191         194         253         252         259         257
         205         214         195         212         192         213         242         253         252
         209         206         198         210         209         204         199         249         248
         208         209         198         208         211         248         199         246         239
         199         210         209         190         208         249         248         247         246
         199         208         192         190         195         246         252         247         242
         196         208         189         192         194         246         240         252         257
         198         211         193         208         189         239         238         246         240
         221         206         210         217         207         204         249         232         235
         195         207         210         188         190         235         249         234         247
         194         217         207         215         188         232         235         231         234
         193         188         189         215         193         234         240         231         238
         197         188         196         189         194         234         258         240         257
         192         190         195         188         196         247         242         234         258
         217         204         232         203         200         223         230         227         228
         222         200         232         260         231         228         230         256         229
         219         203         200         213         260         227         228         226         256
         207         260         258         213         242         256         254         226         241
         231         260         259         258         257         256         255         254         218
         203         231         238         260         259         229         236         256         255
         213         204         203         199         202         223         227         224         225
         218         202         203         253         213         225         227         251         226
         215         199         202         239         253         224         225         237         251
         202         253         259         239         238         251         255         237         236
         229         253         252         259         257         251         250         255         218
         204         213         242         253         252         226         241         251         250
         214         204         199         249         248         223         224         245         244
         215         248         199         246         239         244         224         243         237
         253         249         248         247         246         245         244         220         243
         255         246         252         247         242         243         250         220         241
         228         246         240         252         257         243         221         250         218
         226         239         238         246         240         237         236         243         221
         220         204         249         232         235         223         245         230         233
         252         235         249         234         247         233         245         222         220
         251         232         235         231         234         230         233         229         222
         250         234         240         231         238         222         221         229         236
         231         234         258         240         257         222         254         221         218
         255         247         242         234         258         220         241         222         254
         216         223         230         227         228         294         293         292         291
         239         228         230         256         229         291         293         290         289
         238         227         228         226         256         292         291         288         290
         237         256         254         226         241         290         287         288         286
         236         256         255         254         218         290         285         287         284
         239         229         236         256         255         289         283         290         285
         212         223         227         224         225         294         292         282         281
         235         225         227         251         226         281         292         280         288
         234         224         225         237         251         282         281         279         280
         233         251         255         237         236         280         285         279         283
         232         251         250         255         218         280         278         285         284
         235         226         241         251         250         288         286         280         278
         245         223         224         245         244         294         282         277         276
         244         244         224         243         237         276         282         275         279
         247         245         244         220         243         277         276         219         275
         246         243         250         220         241         275         278         219         286
         227         243         221         250         218         275         274         278         284
         224         237         236         243         221         279         283         275         274
         249         223         245         230         233         294         277         293         273
         248         233         245         222         220         273         277         272         219
         251         230         233         229         222         293         273         289         272
         225         222         221         229         236         272         274         289         283
         230         222         254         221         218         272         287         274         284
         254         220         241         222         254         219         286         272         287
         191         294         293         292         291         155         163         162         161
         175         291         293         290         289         161         163         153         156
         174         292         291         288         290         162         161         152         153
         167         290         287         288         286         153         261         152         266
         165         290         285         287         284         153         151         261         264
         167         289         283         290         285         156         157         153         151
         189         294         292         282         281         155         162         154         160
         171         281         292         280         288         160         162         158         152
         185         282         281         279         280         154         160         159         158
         169         280         285         279         283         158         151         159         157
         164         280         278         285         284         158         267         151         264
         171         288         286         280         278         152         266         158         267
         188         294         282         277         276         155         154         271         270
         187         276         282         275         279         270         154         268         159
         247         277         276         219         275         271         270         269         268
         241         275         278         219         286         268         267         269         266
         240         275         274         278         284         268         265         267         264
         179         279         283         275         274         159         157         268         265
         183         294         277         293         273         155         271         163         263
         243         273         277         272         219         263         271         262         269
         183         293         273         289         272         163         263         156         262
         177         272         274         289         283         262         265         156         157
         242         272         287         274         284         262         261         265         264
         243         219         286         272         287         269         266         262         261
         191         155         163         162         161         187         186         185         184
         175         161         163         153         156         184         186         183         182
         173         162         161         152         153         185         184         181         183
         160         153         261         152         266         183         180         181         179
         162         153         151         261         264         183         178         180         177
         166         156         157         153         151         182         176         183         178
         190         155         162         154         160         187         185         175         174
         172         160         162         158         152         174         185         173         181
         184         154         160         159         158         175         174         172         173
         168         158         151         159         157         173         178         172         176
         163         158         267         151         264         173         171         178         177
         170         152         266         158         267         181         179         173         171
         186         155         154         271         270         187         175         170         169
         187         270         154         268         159         169         175         168         172
         178         271         270         269         268         170         169         167         168
         155         268         267         269         266         168         171         167         179
         154         268         265         267         264         168         166         171         177
         179         159         157         268         265         172         176         168         166
         181         155         271         163         263         187         170         186         165
         180         263         271         262         269         165         170         164         167
         182         163         263         156         262         186         165         182         164
         176         262         265         156         157         164         166         182         176
         161         262         261         265         264         164         180         166         177
         157         269         266         262         261         167         179         164         180
         143         187         186         185         184         336         335         149         334
         139         184         186         183         182         334         335         333         332
         130         185         184         181         183         149         334         148         333
         131         183         180         181         179         333         331         148         330
         156         183         178         180         177         333         329         331         328
         138         182         176         183         178         332         327         333         329
         141         187         185         175         174         336         149         326         325
         135         174         185         173         181         325         149         324         148
         134         175         174         172         173         326         325         323         324
         145         173         178         172         176         324         329         323         327
         147         173         171         178         177         324         322         329         328
         133         181         179         173         171         148         330         324         322
         140         187         175         170         169         336         326         321         320
         151         169         175         168         172         320         326         319         323
         153         170         169         167         168         321         320         318         319
         155         168         171         167         179         319         322         318         330
         147         168         166         171         177         319         150         322         328
         144         172         176         168         166         323         327         319         150
         137         187         170         186         165         336         321         335         317
         152         165         170         164         167         317         321         316         318
         139         186         165         182         164         335         317         332         316
         159         164         166         182         176         316         150         332         327
         159         164         180         166         177         316         331         150         328
         158         167         179         164         180         318         330         316         331
         143         336         335         149         334         315         314         313         312
          99         334         335         333         332         312         314         310         296
         128         149         334         148         333         313         312         311         310
         129         333         331         148         330         310         309         311         308
         123         333         329         331         328         310          89         309         299
         123         332         327         333         329         296         298         310          89
         142         336         149         326         325         315         313         307         306
         135         325         149         324         148         306         313         305         311
         121         326         325         323         324         307         306         301         305
         122         324         329         323         327         305          89         301         298
         127         324         322         329         328         305         304          89         299
         132         148         330         324         322         311         308         305         304
         107         336         326         321         320         315         307          88         303
         151         320         326         319         323         303         307         302         301
         107         321         320         318         319          88         303          87         302
         111         319         322         318         330         302         304          87         308
         146         319         150         322         328         302         300         304         299
         150         323         327         319         150         301         298         302         300
         103         336         321         335         317         315          88         314         297
         106         317         321         316         318         297          88         295          87
         136         335         317         332         316         314         297         296         295
         149         316         150         332         327         295         300         296         298
         148         316         331         150         328         295         309         300         299
         105         318         330         316         331          87         308         295         309
         102         315         314         313         312         113         112         111         110
          98         312         314         310         296         110         112         109         108
         115         313         312         311         310         111         110         107         109
         119         310         309         311         308         109         106         107         105
         117         310          89         309         299         109         104         106         103
         118         296         298         310          89         108         102         109         104
         101         315         313         307         306         113         111         101         100
         115         306         313         305         311         100         111          99         107
         120         307         306         301         305         101         100          98          99
         126         305          89         301         298          99         104          98         102
         127         305         304          89         299          99          97         104         103
         114         311         308         305         304         107         105          99          97
         100         315         307          88         303         113         101          96          95
         109         303         307         302         301          95         101          94          98
         108          88         303          87         302          96          95          93          94
         111         302         304          87         308          94          97          93         105
         125         302         300         304         299          94          92          97         103
         124         301         298         302         300          98         102          94          92
         103         315          88         314         297         113          96         112          91
         104         297          88         295          87          91          96          90          93
          97         314         297         296         295         112          91         108          90
          96         295         300         296         298          90          92         108         102
         116         295         309         300         299          90         106          92         103
         110          87         308         295         309          93         105          90         106
          91         113         112         111         110          78          86         147         146
          90         110         112         109         108         146          86         145          85
          91         111         110         107         109         147         146         144         145
         119         109         106         107         105         145         143         144         142
          67         109         104         106         103         145         141         143         140
          93         108         102         109         104          85          84         145         141
          87         113         111         101         100          78         147          77         139
          95         100         111          99         107         139         147         138         144
          87         101         100          98          99          77         139          83         138
          95          99         104          98         102         138         141          83          84
         113          99          97         104         103         138         137         141         140
         112         107         105          99          97         144         142         138         137
          83         113         101          96          95          78          77          82          81
          85          95         101          94          98          81          77          80          83
          79          96          95          93          94          82          81          76          80
          75          94          97          93         105          80         137          76         142
          69          94          92          97         103          80          75         137         140
          75          98         102          94          92          83          84          80          75
          81         113          96         112          91          78          82          86          79
          79          91          96          90          93          79          82          74          76
          77         112          91         108          90          86          79          85          74
          71          90          92         108         102          74          75          85          84
          66          90         106          92         103          74         143          75         140
          65          93         105          90         106          76         142          74         143
          89          78          86         147         146         136         135         134         133
          88         146          86         145          85         133         135         132         131
          27         147         146         144         145         134         133           3         132
          27         145         143         144         142         132         114           3         119
          26         145         141         143         140         132         129         114         117
          92          85          84         145         141         131         130         132         129
          82          78         147          77         139         136         134         128         127
          31         139         147         138         144         127         134         125           3
          86          77         139          83         138         128         127         126         125
          94         138         141          83          84         125         129         126         130
          25         138         137         141         140         125         120         129         117
          24         144         142         138         137           3         119         125         120
          83          78          77          82          81         136         128         124         123
          84          81          77          80          83         123         128         122         126
          73          82          81          76          80         124         123         121         122
          72          80         137          76         142         122         120         121         119
          68          80          75         137         140         122         118         120         117
          74          83          84          80          75         126         130         122         118
          80          78          82          86          79         136         124         135         116
          78          79          82          74          76         116         124         115         121
          76          86          79          85          74         135         116         131         115
          71          74          75          85          84         115         118         131         130
          70          74         143          75         140         115         114         118         117
          64          76         142          74         143         121         119         115         114
          19         136         135         134         133          73          69          67          66
          18         133         135         132         131          66          69           5          43
          19         134         133           3         132          67          66           2           5
          23         132         114           3         119           5          41           2          52
           7         132         129         114         117           5           4          41           1
           3         131         130         132         129          43          49           5           4
          30         136         134         128         127          73          67          72          62
          29         127         134         125           3          62          67          59           2
          31         128         127         126         125          72          62          60          59
           2         125         129         126         130          59           4          60          49
           1         125         120         129         117          59          53           4           1
          28           3         119         125         120           2          52          59          53
          51         136         128         124         123          73          72          71          70
          15         123         128         122         126          70          72          56          60
          14         124         123         121         122          71          70          54          56
          13         122         120         121         119          56          53          54          52
          12         122         118         120         117          56          48          53           1
          15         126         130         122         118          60          49          56          48
          61         136         124         135         116          73          71          69          68
          11         116         124         115         121          68          71          45          54
          10         135         116         131         115          69          68          43          45
           9         115         118         131         130          45          48          43          49
           8         115         114         118         117          45          41          48           1
          11         121         119         115         114          54          52          45          41
          57          73          69          67          66          24          65          64          63
          17          66          69           5          43          63          65          39          42
          22          67          66           2           5          64          63          38          39
          23           5          41           2          52          39          40          38          50
           7           5           4          41           1          39          37          40          36
          16          43          49           5           4          42          47          39          37
          50          73          67          72          62          24          64          17          61
          21          62          67          59           2          61          64          57          38
          49          72          62          60          59          17          61          58          57
           0          59           4          60          49          57          37          58          47
           5          59          53           4           1          57          51          37          36
          20           2          52          59          53          38          50          57          51
          51          73          72          71          70          24          17          23          22
          48          70          72          56          60          22          17          55          58
          63          71          70          54          56          23          22          35          55
          43          56          53          54          52          55          51          35          50
           4          56          48          53           1          55          46          51          36
          45          60          49          56          48          58          47          55          46
          60          73          71          69          68          24          23          65          19
          63          68          71          45          54          19          23          44          35
          59          69          68          43          45          65          19          42          44
          44          45          48          43          49          44          46          42          47
           6          45          41          48           1          44          40          46          36
          42          54          52          45          41          35          50          44          40
          56          24          65          64          63          21          34          33          32
          35          63          65          39          42          32          34           8          25
          34          64          63          38          39          33          32           6           8
          33          39          40          38          50           8          10           6          13
          37          39          37          40          36           8           7          10          12
          32          42          47          39          37          25          11           8           7
          55          24          64          17          61          21          33          16          31
          39          61          64          57          38          31          33          29           6
          55          17          61          58          57          16          31          30          29
          38          57          37          58          47          29           7          30          11
          36          57          51          37          36          29          14           7          12
          39          38          50          57          51           6          13          29          14
          53          24          17          23          22          21          16          20          15
          54          22          17          55          58          15          16          28          30
          52          23          22          35          55          20          15          27          28
          43          55          51          35          50          28          14          27          13
          47          55          46          51          36          28           9          14          12
          47          58          47          55          46          30          11          28           9
          58          24          23          65          19          21          20          34          18
          62          19          23          44          35          18          20          26          27
          59          65          19          42          44          34          18          25          26
          46          44          46          42          47          26           9          25          11
          41          44          40          46          36          26          10           9          12
          40          35          50          44          40          27          13          26          10
