         288         312           8         256        2304         312           0
         255         207         202         206         203         264         263         262         261
         255         203         202         222         221         261         263         260         259
         250         206         203         205         222         262         261         258         260
         251         222         220         205         219         260         257         258         218
         239         222         216         220         213         260         256         257         255
         248         221         217         222         216         259         254         260         256
         243         207         206         204         201         264         262         253         252
         247         201         206         200         205         252         262         251         258
         242         204         201         215         200         253         252         250         251
         246         200         216         215         217         251         256         250         254
         247         200         214         216         213         251         249         256         255
         245         205         219         200         214         258         218         251         249
         253         207         204         212         211         264         253         248         247
         241         211         204         210         215         247         253         246         250
         226         212         211         197         210         248         247         196         246
         229         210         214         197         219         246         249         196         218
         237         210         199         214         213         246         198         249         255
         234         215         217         210         199         250         254         246         198
         252         207         212         202         209         264         248         263         245
         227         209         212         208         197         245         248         244         196
         254         202         209         221         208         263         245         259         244
         235         208         199         221         217         244         198         259         254
         239         208         220         199         213         244         257         198         255
         228         197         219         208         220         196         218         244         257
         194         264         263         262         261         193         242         195         243
         249         261         263         260         259         243         242         241         240
         195         262         261         258         260         195         243         238         241
         231         260         257         258         218         241         239         238         237
         218         260         256         257         255         241         194         239         226
         213         259         254         260         256         240         225         241         194
         202         264         262         253         252         193         195         236         235
         203         252         262         251         258         235         195         233         238
         240         253         252         250         251         236         235         234         233
         215         251         256         250         254         233         194         234         225
         219         251         249         256         255         233         232         194         226
         244         258         218         251         249         238         237         233         232
         207         264         253         248         247         193         236         231         230
         207         247         253         246         250         230         236         228         234
         224         248         247         196         246         231         230         229         228
         230         246         249         196         218         228         232         229         237
         236         246         198         249         255         228         227         232         226
         232         250         254         246         198         234         225         228         227
         199         264         248         263         245         193         231         242         224
         225         245         248         244         196         224         231         223         229
         199         263         245         259         244         242         224         240         223
         233         244         198         259         254         223         227         240         225
         238         244         257         198         255         223         239         227         226
         231         196         218         244         257         229         237         223         239
         192         193         242         195         243         288         287         286         285
         193         243         242         241         240         285         287         284         283
         223         195         243         238         241         286         285         282         284
         222         241         239         238         237         284         281         282         280
         216         241         194         239         226         284         279         281         278
         212         240         225         241         194         283         277         284         279
         200         193         195         236         235         288         286         276         275
         223         235         195         233         238         275         286         274         282
         201         236         235         234         233         276         275         273         274
         215         233         194         234         225         274         279         273         277
         217         233         232         194         226         274         272         279         278
         221         238         237         233         232         282         280         274         272
         205         193         236         231         230         288         276         271         270
         206         230         236         228         234         270         276         269         273
         204         231         230         229         228         271         270         268         269
         220         228         232         229         237         269         272         268         280
         208         228         227         232         226         269         267         272         278
         214         234         225         228         227         273         277         269         267
         197         193         231         242         224         288         271         287         266
         196         224         231         223         229         266         271         265         268
         198         242         224         240         223         287         266         283         265
         209         223         227         240         225         265         267         283         277
         210         223         239         227         226         265         281         267         278
         211         229         237         223         239         268         280         265         281
         191         288         287         286         285         192         191         190         189
         191         285         287         284         283         189         191         188         187
         186         286         285         282         284         190         189         186         188
         187         284         281         282         280         188         185         186         150
         175         284         279         281         278         188         184         185         183
         184         283         277         284         279         187         182         188         184
         179         288         286         276         275         192         190         181         180
         183         275         286         274         282         180         190         179         186
         178         276         275         273         274         181         180         178         179
         182         274         279         273         277         179         184         178         182
         183         274         272         279         278         179         177         184         183
         181         282         280         274         272         186         150         179         177
         189         288         276         271         270         192         181         176         175
         177         270         276         269         273         175         181         174         178
         162         271         270         268         269         176         175         148         174
         165         269         272         268         280         174         177         148         150
         173         269         267         272         278         174         149         177         183
         170         273         277         269         267         178         182         174         149
         188         288         271         287         266         192         176         191         173
         163         266         271         265         268         173         176         172         148
         190         287         266         283         265         191         173         187         172
         171         265         267         283         277         172         149         187         182
         175         265         281         267         278         172         185         149         183
         164         268         280         265         281         148         150         172         185
         130         192         191         190         189         145         170         147         171
         185         189         191         188         187         171         170         169         168
         131         190         189         186         188         147         171         166         169
         167         188         185         186         150         169         167         166         165
         154         188         184         185         183         169         146         167         154
         149         187         182         188         184         168         153         169         146
         138         192         190         181         180         145         147         164         163
         139         180         190         179         186         163         147         161         166
         176         181         180         178         179         164         163         162         161
         151         179         184         178         182         161         146         162         153
         155         179         177         184         183         161         160         146         154
         180         186         150         179         177         166         165         161         160
         143         192         181         176         175         145         164         159         158
         143         175         181         174         178         158         164         156         162
         160         176         175         148         174         159         158         157         156
         166         174         177         148         150         156         160         157         165
         172         174         149         177         183         156         155         160         154
         168         178         182         174         149         162         153         156         155
         135         192         176         191         173         145         159         170         152
         161         173         176         172         148         152         159         151         157
         135         191         173         187         172         170         152         168         151
         169         172         149         187         182         151         155         168         153
         174         172         185         149         183         151         167         155         154
         167         148         150         172         185         157         165         151         167
         128         145         170         147         171         312         311         310         309
         129         171         170         169         168         309         311         308         307
         159         147         171         166         169         310         309         306         308
         158         169         167         166         165         308         305         306         304
         152         169         146         167         154         308         303         305         302
         148         168         153         169         146         307         301         308         303
         136         145         147         164         163         312         310         300         299
         159         163         147         161         166         299         310         298         306
         137         164         163         162         161         300         299         297         298
         151         161         146         162         153         298         303         297         301
         153         161         160         146         154         298         296         303         302
         157         166         165         161         160         306         304         298         296
         141         145         164         159         158         312         300         295         294
         142         158         164         156         162         294         300         293         297
         140         159         158         157         156         295         294         292         293
         156         156         160         157         165         293         296         292         304
         144         156         155         160         154         293         291         296         302
         150         162         153         156         155         297         301         293         291
         133         145         159         170         152         312         295         311         290
         132         152         159         151         157         290         295         289         292
         134         170         152         168         151         311         290         307         289
         145         151         155         168         153         289         291         307         301
         146         151         167         155         154         289         305         291         302
         147         157         165         151         167         292         304         289         305
         127         312         311         310         309         120         119         118         117
         127         309         311         308         307         117         119         116         115
         122         310         309         306         308         118         117         114         116
         123         308         305         306         304         116         113         114          78
         111         308         303         305         302         116         112         113         111
         120         307         301         308         303         115         110         116         112
         115         312         310         300         299         120         118         109         108
         119         299         310         298         306         108         118         107         114
         114         300         299         297         298         109         108         106         107
         118         298         303         297         301         107         112         106         110
         119         298         296         303         302         107         105         112         111
         117         306         304         298         296         114          78         107         105
         125         312         300         295         294         120         109         104         103
         113         294         300         293         297         103         109         102         106
          98         295         294         292         293         104         103          76         102
         101         293         296         292         304         102         105          76          78
         109         293         291         296         302         102          77         105         111
         106         297         301         293         291         106         110         102          77
         124         312         295         311         290         120         104         119         101
          99         290         295         289         292         101         104         100          76
         126         311         290         307         289         119         101         115         100
         107         289         291         307         301         100          77         115         110
         111         289         305         291         302         100         113          77         111
         100         292         304         289         305          76          78         100         113
          66         120         119         118         117          73          98          75          99
         121         117         119         116         115          99          98          97          96
          67         118         117         114         116          75          99          94          97
         103         116         113         114          78          97          95          94          93
          90         116         112         113         111          97          74          95          82
          85         115         110         116         112          96          81          97          74
          74         120         118         109         108          73          75          92          91
          75         108         118         107         114          91          75          89          94
         112         109         108         106         107          92          91          90          89
          87         107         112         106         110          89          74          90          81
          91         107         105         112         111          89          88          74          82
         116         114          78         107         105          94          93          89          88
          79         120         109         104         103          73          92          87          86
          79         103         109         102         106          86          92          84          90
          96         104         103          76         102          87          86          85          84
         102         102         105          76          78          84          88          85          93
         108         102          77         105         111          84          83          88          82
         104         106         110         102          77          90          81          84          83
          71         120         104         119         101          73          87          98          80
          97         101         104         100          76          80          87          79          85
          71         119         101         115         100          98          80          96          79
         105         100          77         115         110          79          83          96          81
         110         100         113          77         111          79          95          83          82
         103          76          78         100         113          85          93          79          95
          64          73          98          75          99         144         143         142         141
          65          99          98          97          96         141         143         140         139
          95          75          99          94          97         142         141         138         140
          94          97          95          94          93         140         137         138         136
          88          97          74          95          82         140         135         137         134
          84          96          81          97          74         139         133         140         135
          72          73          75          92          91         144         142         132         131
          95          91          75          89          94         131         142         130         138
          73          92          91          90          89         132         131         129         130
          87          89          74          90          81         130         135         129         133
          89          89          88          74          82         130         128         135         134
          93          94          93          89          88         138         136         130         128
          77          73          92          87          86         144         132         127         126
          78          86          92          84          90         126         132         125         129
          76          87          86          85          84         127         126         124         125
          92          84          88          85          93         125         128         124         136
          80          84          83          88          82         125         123         128         134
          86          90          81          84          83         129         133         125         123
          69          73          87          98          80         144         127         143         122
          68          80          87          79          85         122         127         121         124
          70          98          80          96          79         143         122         139         121
          81          79          83          96          81         121         123         139         133
          82          79          95          83          82         121         137         123         134
          83          85          93          79          95         124         136         121         137
          63         144         143         142         141          72          71          70          69
          63         141         143         140         139          69          71          68          67
          58         142         141         138         140          70          69          66          68
          59         140         137         138         136          68          65          66          30
          47         140         135         137         134          68          64          65          63
          56         139         133         140         135          67          62          68          64
          51         144         142         132         131          72          70          61          60
          55         131         142         130         138          60          70          59          66
          50         132         131         129         130          61          60          58          59
          54         130         135         129         133          59          64          58          62
          55         130         128         135         134          59          57          64          63
          53         138         136         130         128          66          30          59          57
          61         144         132         127         126          72          61          56          55
          49         126         132         125         129          55          61          54          58
          34         127         126         124         125          56          55          28          54
          37         125         128         124         136          54          57          28          30
          45         125         123         128         134          54          29          57          63
          42         129         133         125         123          58          62          54          29
          60         144         127         143         122          72          56          71          53
          35         122         127         121         124          53          56          52          28
          62         143         122         139         121          71          53          67          52
          43         121         123         139         133          52          29          67          62
          47         121         137         123         134          52          65          29          63
          36         124         136         121         137          28          30          52          65
           2          72          71          70          69           7          50          27          51
          57          69          71          68          67          51          50          49          48
           3          70          69          66          68          27          51          46          49
          39          68          65          66          30          49          47          46          45
          26          68          64          65          63          49          16          47          34
          21          67          62          68          64          48          33          49          16
          10          72          70          61          60           7          27          44          43
          11          60          70          59          66          43          27          41          46
          48          61          60          58          59          44          43          42          41
          23          59          64          58          62          41          16          42          33
          27          59          57          64          63          41          40          16          34
          52          66          30          59          57          46          45          41          40
          15          72          61          56          55           7          44          39          38
          15          55          61          54          58          38          44          36          42
          32          56          55          28          54          39          38          37          36
          38          54          57          28          30          36          40          37          45
          44          54          29          57          63          36          35          40          34
          40          58          62          54          29          42          33          36          35
           7          72          56          71          53           7          39          50          32
          33          53          56          52          28          32          39          31          37
           7          71          53          67          52          50          32          48          31
          41          52          29          67          62          31          35          48          33
          46          52          65          29          63          31          47          35          34
          39          28          30          52          65          37          45          31          47
           0           7          50          27          51           6           2          26          25
           1          51          50          49          48          25           2          24          23
          31          27          51          46          49          26          25          10          24
          30          49          47          46          45          24          15          10          14
          24          49          16          47          34          24          13          15          12
          20          48          33          49          16          23           9          24          13
           8           7          27          44          43           6          26           4          22
          31          43          27          41          46          22          26          21          10
           9          44          43          42          41           4          22          20          21
          23          41          16          42          33          21          13          20           9
          25          41          40          16          34          21          11          13          12
          29          46          45          41          40          10          14          21          11
          13           7          44          39          38           6           4           5           3
          14          38          44          36          42           3           4          19          20
          12          39          38          37          36           5           3          18          19
          28          36          40          37          45          19          11          18          14
          16          36          35          40          34          19           8          11          12
          22          42          33          36          35          20           9          19           8
           5           7          39          50          32           6           5           2           1
           4          32          39          31          37           1           5          17          18
           6          50          32          48          31           2           1          23          17
          17          31          35          48          33          17           8          23           9
          18          31          47          35          34          17          15           8          12
          19          37          45          31          47          18          14          17          15
