         780         832           9         512        6240         832           0
         439         533         537         530         536         660         535         659         534
         395         561         562         506         515         559         560         505         514
         435         531         571         529         570         655         569         654         568
         433         570         567         529         543         568         566         654         642
         387         503         519         517         518         504         647         516         646
         394         515         520         506         521         514         650         505         651
         439         533         530         676         675         660         659         674         673
         432         672         531         671         529         670         655         669         654
         487         582         584         688         687         581         583         686         685
         411         687         521         688         520         685         651         686         650
         407         678         667         519         518         677         665         647         646
         433         529         543         671         668         654         642         669         666
         417         542         664         524         663         541         662         528         661
         491         684         580         683         682         681         596         680         679
         423         524         663         523         565         528         661         526         635
         421         565         668         523         543         635         666         526         642
         407         683         511         667         518         680         510         665         646
         409         682         507         683         511         679         633         680         510
         417         542         524         540         522         541         528         539         527
         419         522         524         564         523         527         528         563         526
         415         558         557         509         554         556         555         508         553
         414         554         511         509         507         553         510         508         633
         405         554         517         511         518         553         516         510         646
         418         523         543         564         567         526         642         563         566
         445         537         562         536         561         535         560         534         559
         389         571         552         570         503         569         551         568         504
         387         503         517         570         567         504         516         568         566
         416         540         522         558         557         539         527         556         555
         419         557         522         554         564         555         527         553         563
         401         564         567         554         517         563         566         553         516
         437         530         536         531         571         659         534         655         569
         386         552         561         503         506         551         559         504         505
         385         506         521         503         519         505         651         504         647
         438         530         531         675         672         659         655         673         670
         493         584         612         687         678         583         611         685         677
         384         678         519         687         521         677         647         685         651
         437         536         561         571         552         534         559         569         551
         489         676         675         582         584         674         673         581         583
         467         612         672         678         671         611         670         677         669
         467         671         668         678         667         669         666         677         665
         490         664         580         663         684         662         596         661         681
         420         663         684         565         683         661         681         635         680
         406         683         667         565         668         680         665         635         666
         493         675         672         584         612         673         670         583         611
         447         533         676         542         664         660         674         541         662
         491         580         582         682         688         596         581         679         686
         411         688         520         682         507         686         650         679         633
         444         533         542         537         540         660         541         535         539
         415         562         558         515         509         560         556         514         508
         410         509         507         515         520         508         633         514         650
         445         537         540         562         558         535         539         560         556
         489         676         582         664         580         674         581         662         596
         446         660         535         659         534         658         532         657         614
         395         559         560         505         514         548         549         613         512
         435         655         569         654         568         653         631         652         630
         431         568         566         654         642         630         627         652         641
         391         504         647         516         646         624         644         623         643
         393         514         650         505         651         512         648         613         649
         495         660         659         674         673         658         657         656         610
         479         670         655         669         654         605         653         579         652
         487         581         583         686         685         593         609         592         608
         485         685         651         686         650         608         649         592         648
         465         677         665         647         646         606         645         644         643
         451         654         642         669         666         652         641         579         640
         422         541         662         528         661         619         637         618         636
         511         681         596         680         679         589         595         639         638
         423         528         661         526         635         618         636         617         634
         421         635         666         526         642         634         640         617         641
         404         680         510         665         646         639         615         645         643
         409         679         633         680         510         638         632         639         615
         425         541         528         539         527         619         618         538         525
         430         527         528         563         526         525         618         550         617
         413         556         555         508         553         547         546         513         545
         412         553         510         508         633         545         615         513         632
         405         553         516         510         646         545         623         615         643
         431         526         642         563         566         617         641         550         627
         441         535         560         534         559         532         549         614         548
         389         569         551         568         504         631         544         630         624
         388         504         516         568         566         624         623         630         627
         427         539         527         556         555         538         525         547         546
         427         555         527         553         563         546         525         545         550
         401         563         566         553         516         550         627         545         623
         434         659         534         655         569         657         614         653         631
         399         551         559         504         505         544         548         624         613
         385         505         651         504         647         613         649         624         644
         479         659         655         673         670         657         653         610         605
         486         583         611         685         677         609         607         608         606
         464         677         647         685         651         606         644         608         649
         436         534         559         569         551         614         548         631         544
         494         674         673         581         583         656         610         593         609
         478         611         670         677         669         607         605         606         579
         466         669         666         677         665         579         640         606         645
         511         662         596         661         681         637         595         636         589
         510         661         681         635         680         636         589         634         639
         509         680         665         635         666         639         645         634         640
         492         673         670         583         611         610         605         609         607
         447         660         674         541         662         658         656         619         637
         484         596         581         679         686         595         593         638         592
         485         686         650         679         633         592         648         638         632
         446         660         541         535         539         658         619         532         538
         413         560         556         514         508         549         547         512         513
         408         508         633         514         650         513         632         512         648
         441         535         539         560         556         532         538         549         547
         488         674         581         662         596         656         593         637         595
         443         658         532         657         614         756         755         620         754
         399         548         549         613         512         753         752         751         750
         449         653         631         652         630         576         629         572         628
         448         630         627         652         641         628         626         572         625
         469         624         644         623         643         749         578         622         621
         398         512         648         613         649         750         748         751         747
         495         658         657         656         610         756         620         604         603
         450         605         653         579         652         575         576         573         572
         481         593         609         592         608         591         602         590         601
         483         608         649         592         648         601         747         590         748
         465         606         645         644         643         577         598         578         621
         451         652         641         579         640         572         625         573         597
         503         619         637         618         636         746         585         745         586
         507         589         595         639         638         588         587         600         594
         508         618         636         617         634         745         586         616         599
         455         634         640         617         641         599         597         616         625
         459         639         615         645         643         600         744         598         621
         505         638         632         639         615         594         743         600         744
         425         619         618         538         525         746         745         742         741
         429         525         618         550         617         741         745         740         616
         403         547         546         513         545         739         738         737         736
         403         545         615         513         632         736         744         737         743
         402         545         623         615         643         736         622         744         621
         429         617         641         550         627         616         625         740         626
         442         532         549         614         548         755         752         754         753
         390         631         544         630         624         629         735         628         749
         391         624         623         630         627         749         622         628         626
         424         538         525         547         546         742         741         739         738
         426         546         525         545         550         738         741         736         740
         400         550         627         545         623         740         626         736         622
         473         657         614         653         631         620         754         576         629
         397         544         548         624         613         735         753         749         751
         469         613         649         624         644         751         747         749         578
         472         657         653         610         605         620         576         603         575
         471         609         607         608         606         602         574         601         577
         471         606         644         608         649         577         578         601         747
         397         614         548         631         544         754         753         629         735
         480         656         610         593         609         604         603         591         602
         478         607         605         606         579         574         575         577         573
         463         579         640         606         645         573         597         577         598
         502         637         595         636         589         585         587         586         588
         510         636         589         634         639         586         588         599         600
         509         639         645         634         640         600         598         599         597
         477         610         605         609         607         603         575         602         574
         503         658         656         619         637         756         604         746         585
         497         595         593         638         592         587         591         594         590
         482         592         648         638         632         590         748         594         743
         443         658         619         532         538         756         746         755         742
         392         549         547         512         513         752         739         750         737
         393         513         632         512         648         737         743         750         748
         440         532         538         549         547         755         742         752         739
         496         656         593         637         595         604         591         585         587
         475         756         755         620         754         734         733         732         731
         367         753         752         751         750         689         437         691         419
         449         576         629         572         628         730         729         728         727
         454         628         626         572         625         727         726         728         725
         457         749         578         622         621         724         723         722         721
         375         750         748         751         747         419         711         691         712
         475         756         620         604         603         734         732         720         719
         461         575         576         573         572         718         730         717         728
         481         591         602         590         601         716         715         714         713
         483         601         747         590         748         713         712         714         711
         462         577         598         578         621         710         709         723         721
         455         572         625         573         597         728         725         717         708
         501         746         585         745         586         707         706         705         704
         507         588         587         600         594         703         702         701         700
         500         745         586         616         599         705         704         699         698
         453         599         597         616         625         698         708         699         725
         459         600         744         598         621         701         697         709         721
         505         594         743         600         744         700         696         701         697
         321         746         745         742         741         707         705         434         695
         452         741         745         740         616         695         705         694         699
         371         739         738         737         736         436         435         415         693
         370         736         744         737         743         693         697         415         696
         458         736         622         744         621         693         722         697         721
         453         616         625         740         626         699         725         694         726
         366         755         752         754         753         733         437         731         689
         456         629         735         628         749         729         692         727         724
         457         749         622         628         626         724         722         727         726
         323         742         741         739         738         434         695         436         435
         323         738         741         736         740         435         695         693         694
         428         740         626         736         622         694         726         693         722
         473         620         754         576         629         732         731         730         729
         357         735         753         749         751         692         689         724         691
         468         751         747         749         578         691         712         724         723
         474         620         576         603         575         732         730         719         718
         476         602         574         601         577         715         690         713         710
         470         577         578         601         747         710         723         713         712
         396         754         753         629         735         731         689         729         692
         499         604         603         591         602         720         719         716         715
         461         574         575         577         573         690         718         710         717
         460         573         597         577         598         717         708         710         709
         501         585         587         586         588         706         702         704         703
         506         586         588         599         600         704         703         698         701
         463         600         598         599         597         701         709         698         708
         477         603         575         602         574         719         718         715         690
         498         756         604         746         585         734         720         707         706
         497         587         591         594         590         702         716         700         714
         504         590         748         594         743         714         711         700         696
         329         756         746         755         742         734         707         733         434
         369         752         739         750         737         437         436         419         415
         374         737         743         750         748         415         696         419         711
         368         755         742         752         739         733         434         437         436
         499         604         591         585         587         720         716         706         702
         331         734         733         732         731         502         427         501         426
         367         689         437         691         419         414         433         417         418
         287         730         729         728         727         479         480         498         500
         355         727         726         728         725         500         499         498         497
         359         724         723         722         721         412         496         432         495
         375         419         711         691         712         418         494         417         493
         330         734         732         720         719         502         501         492         491
         287         718         730         717         728         400         479         399         498
         279         716         715         714         713         382         392         489         490
         382         713         712         714         711         490         493         489         494
         283         710         709         723         721         395         482         496         495
         286         728         725         717         708         498         497         399         381
         327         707         706         705         704         403         488         402         487
         267         703         702         701         700         379         378         484         481
         327         705         704         699         698         402         487         486         485
         285         698         708         699         725         485         381         486         497
         379         701         697         709         721         484         483         482         495
         379         700         696         701         697         481         416         484         483
         321         707         705         434         695         403         402         411         410
         325         695         705         694         699         410         402         425         486
         371         436         435         415         693         431         430         429         428
         373         693         697         415         696         428         483         429         416
         377         693         722         697         721         428         432         483         495
         324         699         725         694         726         486         497         425         499
         365         733         437         731         689         427         433         426         414
         354         729         692         727         724         480         413         500         412
         355         724         722         727         726         412         432         500         499
         320         434         695         436         435         411         410         431         430
         322         435         695         693         694         430         410         428         425
         376         694         726         693         722         425         499         428         432
         364         732         731         730         729         501         426         479         480
         357         692         689         724         691         413         414         412         417
         356         691         712         724         723         417         493         412         496
         275         732         730         719         718         501         479         491         400
         277         715         690         713         710         392         391         490         395
         278         710         723         713         712         395         496         490         493
         365         731         689         729         692         426         414         480         413
         275         720         719         716         715         492         491         382         392
         276         690         718         710         717         391         400         395         399
         284         717         708         710         709         399         381         395         482
         267         706         702         704         703         488         378         487         379
         269         704         703         698         701         487         379         485         484
         282         701         709         698         708         484         482         485         381
         277         719         718         715         690         491         400         392         391
         333         734         720         707         706         502         492         403         488
         265         702         716         700         714         378         382         481         489
         382         714         711         700         696         489         494         481         416
         329         734         707         733         434         502         403         427         411
         369         437         436         419         415         433         431         418         429
         373         415         696         419         711         429         416         418         494
         328         733         434         437         436         427         411         433         431
         266         720         716         706         702         492         382         488         378
         331         502         427         501         426         478         421         477         476
         361         414         433         417         418         475         424         474         473
         307         479         480         498         500         450         453         401         451
         306         500         499         498         497         451         454         401         455
         353         412         496         432         495         472         471         470         469
         383         418         494         417         493         473         468         474         467
         273         502         501         492         491         478         477         449         386
         311         400         479         399         498         398         450         397         401
         279         382         392         489         490         388         390         448         396
         301         490         493         489         494         396         467         448         468
         293         395         482         496         495         394         393         471         469
         285         498         497         399         381         401         455         397         387
         332         403         488         402         487         466         465         464         463
         271         379         378         484         481         380         385         458         460
         326         402         487         486         485         464         463         462         461
         281         485         381         486         497         461         387         462         455
         283         484         483         482         495         458         457         393         469
         381         481         416         484         483         460         459         458         457
         335         403         402         411         410         466         464         409         408
         325         410         402         425         486         408         464         456         462
         339         431         430         429         428         420         407         422         423
         378         428         483         429         416         423         457         422         459
         377         428         432         483         495         423         470         457         469
         337         486         497         425         499         462         455         456         454
         360         427         433         426         414         421         424         476         475
         352         480         413         500         412         453         452         451         472
         353         412         432         500         499         472         470         451         454
         347         411         410         431         430         409         408         420         407
         341         430         410         428         425         407         408         423         456
         337         425         499         428         432         456         454         423         470
         363         501         426         479         480         477         476         450         453
         358         413         414         412         417         452         475         472         474
         359         417         493         412         496         474         467         472         471
         273         501         479         491         400         477         450         386         398
         295         392         391         490         395         390         389         396         394
         293         395         496         490         493         394         471         396         467
         363         426         414         480         413         476         475         453         452
         274         492         491         382         392         449         386         388         390
         294         391         400         395         399         389         398         394         397
         280         399         381         395         482         397         387         394         393
         268         488         378         487         379         465         385         463         380
         269         487         379         485         484         463         380         461         458
         281         484         482         485         381         458         393         461         387
         272         491         400         392         391         386         398         390         389
         333         502         492         403         488         478         449         466         465
         265         378         382         481         489         385         388         460         448
         383         489         494         481         416         448         468         460         459
         335         502         403         427         411         478         466         421         409
         372         433         431         418         429         424         420         473         422
         381         429         416         418         494         422         459         473         468
         334         427         411         433         431         421         409         424         420
         264         492         382         488         378         449         388         465         385
         351         478         421         477         476         832         447         831         830
         361         475         424         474         473         446         445         444         443
         307         450         453         401         451         829         828         827         826
         305         451         454         401         455         826         825         827         824
         313         472         471         470         469         823         384         822         821
         301         473         468         474         467         443         438         444         383
         257         478         477         449         386         832         831         820         819
         309         398         450         397         401         818         829         817         827
         303         388         390         448         396         816         815         814         813
         302         396         467         448         468         813         383         814         438
         289         394         393         471         469         812         811         384         821
         304         401         455         397         387         827         824         817         810
         263         466         465         464         463         442         809         441         808
         271         380         385         458         460         807         806         805         804
         261         464         463         462         461         441         808         803         802
         261         461         387         462         455         802         810         803         824
         288         458         457         393         469         805         801         811         821
         297         460         459         458         457         804         800         805         801
         346         466         464         409         408         442         441         440         406
         343         408         464         456         462         406         441         799         803
         339         420         407         422         423         405         404         439         798
         338         423         457         422         459         798         801         439         800
         336         423         470         457         469         798         822         801         821
         305         462         455         456         454         803         824         799         825
         351         421         424         476         475         447         445         830         446
         315         453         452         451         472         828         797         826         823
         315         472         470         451         454         823         822         826         825
         347         409         408         420         407         440         406         405         404
         341         407         408         423         456         404         406         798         799
         340         456         454         423         470         799         825         798         822
         308         477         476         450         453         831         830         829         828
         319         452         475         472         474         797         446         823         444
         291         474         467         472         471         444         383         823         384
         309         477         450         386         398         831         829         819         818
         295         390         389         396         394         815         796         813         812
         292         394         471         396         467         812         384         813         383
         362         476         475         453         452         830         446         828         797
         257         449         386         388         390         820         819         816         815
         311         389         398         394         397         796         818         812         817
         289         397         387         394         393         817         810         812         811
         259         465         385         463         380         809         806         808         807
         270         463         380         461         458         808         807         802         805
         260         458         393         461         387         805         811         802         810
         310         386         398         390         389         819         818         815         796
         258         478         449         466         465         832         820         442         809
         303         385         388         460         448         806         816         804         814
         297         448         468         460         459         814         438         804         800
         350         478         466         421         409         832         442         447         440
         349         424         420         473         422         445         405         443         439
         380         422         459         473         468         439         800         443         438
         350         421         409         424         420         447         440         445         405
         259         449         388         465         385         820         816         809         806
         317         832         447         831         830         795         794         793         792
         319         446         445         444         443         791         790         789         788
         205         829         828         827         826         222         759         306         762
         137         826         825         827         824         762         761         306         292
         313         823         384         822         821         787         786         785         784
         299         443         438         444         383         788         783         789         782
         221         832         831         820         819         795         793         758         217
         213         818         829         817         827         223         222         305         306
         219         816         815         814         813         304         216         780         781
         300         813         383         814         438         781         782         780         783
         290         812         811         384         821         779         778         786         784
         139         827         824         817         810         306         292         305         291
         263         442         809         441         808         777         776         775         774
         147         807         806         805         804         186         285         187         757
         262         441         808         803         802         775         774         773         772
         139         802         810         803         824         772         291         773         292
         155         805         801         811         821         187         764         778         784
         147         804         800         805         801         757         763         187         764
         345         442         441         440         406         777         775         771         770
         343         406         441         799         803         770         775         769         773
         344         405         404         439         798         768         767         766         765
         296         798         801         439         800         765         764         766         763
         159         798         822         801         821         765         785         764         784
         138         803         824         799         825         773         292         769         761
         316         447         445         830         446         794         790         792         791
         183         828         797         826         823         759         760         762         787
         314         823         822         826         825         787         785         762         761
         345         440         406         405         404         771         770         768         767
         342         404         406         798         799         767         770         765         769
         141         799         825         798         822         769         761         765         785
         205         831         830         829         828         793         792         222         759
         318         797         446         823         444         760         791         787         789
         312         444         383         823         384         789         782         787         786
         215         831         829         819         818         793         222         217         223
         214         815         796         813         812         216         214         781         779
         291         812         384         813         383         779         786         781         782
         318         830         446         828         797         792         791         759         760
         220         820         819         816         815         758         217         304         216
         213         796         818         812         817         214         223         779         305
         154         817         810         812         811         305         291         779         778
         151         809         806         808         807         776         285         774         186
         150         808         807         802         805         774         186         772         187
         155         805         811         802         810         187         778         772         291
         215         819         818         815         796         217         223         216         214
         256         832         820         442         809         795         758         777         776
         145         806         816         804         814         285         304         757         780
         298         814         438         804         800         780         783         757         763
         317         832         442         447         440         795         777         794         771
         349         445         405         443         439         790         768         788         766
         299         439         800         443         438         766         763         788         783
         348         447         440         445         405         794         771         790         768
         144         820         816         809         806         758         304         776         285
         199         795         794         793         792         303         302         221         301
         187         791         790         789         788         253         198         193         197
         207         222         759         306         762         219         300         299         298
         137         762         761         306         292         298         278         299         290
         181         787         786         785         784         256         287         210         272
         190         788         783         789         782         197         293         193         294
         221         795         793         758         217         303         221         297         220
         207         223         222         305         306         218         219         239         299
         219         304         216         780         781         296         215         295         242
         218         781         782         780         783         242         294         295         293
         153         779         778         786         784         288         286         287         272
         212         306         292         305         291         299         290         239         289
         135         777         776         775         774         251         284         185         188
         149         186         285         187         757         268         283         267         266
         133         775         774         773         772         185         188         260         261
         136         772         291         773         292         261         289         260         290
         153         187         764         778         784         267         203         286         272
         157         757         763         187         764         266         204         267         203
         133         777         775         771         770         251         185         206         205
         143         770         775         769         773         205         185         200         260
         171         768         767         766         765         192         209         208         207
         158         765         764         766         763         207         203         208         204
         159         765         785         764         784         207         210         203         272
         143         773         292         769         761         260         290         200         278
         187         794         790         792         791         302         198         301         253
         183         759         760         762         787         300         257         298         256
         182         787         785         762         761         256         210         298         278
         167         771         770         768         767         206         205         192         209
         140         767         770         765         769         209         205         207         200
         141         769         761         765         785         200         278         207         210
         204         793         792         222         759         221         301         219         300
         180         760         791         787         789         257         253         256         193
         181         789         782         787         786         193         294         256         287
         223         793         222         217         223         221         219         220         218
         209         216         214         781         779         215         213         242         288
         208         779         786         781         782         288         287         242         294
         186         792         791         759         760         301         253         300         257
         223         758         217         304         216         297         220         296         215
         211         214         223         779         305         213         218         288         239
         210         305         291         779         778         239         289         288         286
         151         776         285         774         186         284         283         188         268
         149         774         186         772         187         188         268         261         267
         152         187         778         772         291         267         286         261         289
         222         217         223         216         214         220         218         215         213
         132         795         758         777         776         303         297         251         284
         145         285         304         757         780         283         296         266         295
         146         780         783         757         763         295         293         266         204
         166         795         777         794         771         303         251         302         206
         170         790         768         788         766         198         192         197         208
         191         766         763         788         783         208         204         197         293
         167         794         771         790         768         302         206         198         192
         217         758         304         776         285         297         296         284         283
         199         303         302         221         301         282         281         211         280
         185         253         198         193         197         252         196         244         195
         203         219         300         299         298         233         212         238         279
         202         298         278         299         290         279         277         238         276
         179         256         287         210         272         254         270         248         269
         190         197         293         193         294         195         273         244         274
         198         303         221         297         220         282         211         235         229
         206         218         219         239         299         234         233         237         238
         216         296         215         295         242         236         231         275         241
         229         242         294         295         293         241         274         275         273
         245         288         286         287         272         240         271         270         269
         251         299         290         239         289         238         276         237         227
         135         251         284         185         188         250         249         199         243
         239         268         283         267         266         265         264         263         262
         131         185         188         260         261         199         243         258         259
         250         261         289         260         290         259         227         258         276
         156         267         203         286         272         263         247         271         269
         157         266         204         267         203         262         246         263         247
         130         251         185         206         205         250         199         202         201
         131         205         185         200         260         201         199         245         258
         171         192         209         208         207         191         190         189         194
         175         207         203         208         204         194         247         189         246
         178         207         210         203         272         194         248         247         269
         142         260         290         200         278         258         276         245         277
         163         302         198         301         253         281         196         280         252
         201         300         257         298         256         212         255         279         254
         179         256         210         298         278         254         248         279         277
         165         206         205         192         209         202         201         191         190
         175         209         205         207         200         190         201         194         245
         177         200         278         207         210         245         277         194         248
         193         221         301         219         300         211         280         233         212
         185         257         253         256         193         255         252         254         244
         189         193         294         256         287         244         274         254         270
         193         221         219         220         218         211         233         229         234
         209         215         213         242         288         231         230         241         240
         229         288         287         242         294         240         270         241         274
         200         301         253         300         257         280         252         212         255
         217         297         220         296         215         235         229         236         231
         211         213         218         288         239         230         234         240         237
         247         239         289         288         286         237         227         240         271
         134         284         283         188         268         249         264         243         265
         148         188         268         261         267         243         265         259         263
         247         267         286         261         289         263         271         259         227
         222         220         218         215         213         229         234         231         230
         197         303         297         251         284         282         235         250         249
         239         283         296         266         295         264         236         262         275
         191         295         293         266         204         275         273         262         246
         164         303         251         302         206         282         250         281         202
         169         198         192         197         208         196         191         195         189
         169         208         204         197         293         189         246         195         273
         165         302         206         198         192         281         202         196         191
         237         297         296         284         283         235         236         249         264
         195         282         281         211         280         377         376         375         374
         188         252         196         244         195         373         372         371         370
         203         233         212         238         279         369         368         367         366
         243         279         277         238         276         366         365         367         364
         241         254         270         248         269         363         362         361         360
         189         195         273         244         274         370         359         371         358
         196         282         211         235         229         377         375         357         356
         255         234         233         237         238         232         369         226         367
         231         236         231         275         241         355         224         354         353
         230         241         274         275         273         353         358         354         359
         245         240         271         270         269         352         351         362         360
         251         238         276         237         227         367         364         226         225
         129         250         249         199         243         350         349         348         347
         233         265         264         263         262         346         345         344         343
         129         199         243         258         259         348         347         342         341
         249         259         227         258         276         341         225         342         364
         235         263         247         271         269         344         340         351         360
         233         262         246         263         247         343         339         344         340
         161         250         199         202         201         350         348         338         337
         128         201         199         245         258         337         348         336         342
         173         191         190         189         194         335         334         333         332
         172         194         247         189         246         332         340         333         339
         176         194         248         247         269         332         361         340         360
         242         258         276         245         277         342         364         336         365
         163         281         196         280         252         376         372         374         373
         201         212         255         279         254         368         331         366         363
         243         254         248         279         277         363         361         366         365
         160         202         201         191         190         338         337         335         334
         174         190         201         194         245         334         337         332         336
         177         245         277         194         248         336         365         332         361
         195         211         280         233         212         375         374         369         368
         184         255         252         254         244         331         373         363         371
         241         244         274         254         270         371         358         363         362
         192         211         233         229         234         375         369         356         232
         231         231         230         241         240         224         228         353         352
         228         240         270         241         274         352         362         353         358
         194         280         252         212         255         374         373         368         331
         225         235         229         236         231         357         356         355         224
         255         230         234         240         237         228         232         352         226
         244         237         227         240         271         226         225         352         351
         236         249         264         243         265         349         345         347         346
         235         243         265         259         263         347         346         341         344
         246         263         271         259         227         344         351         341         225
         224         229         234         231         230         356         232         224         228
         197         282         235         250         249         377         357         350         349
         238         264         236         262         275         345         355         343         354
         232         275         273         262         246         354         359         343         339
         161         282         250         281         202         377         350         376         338
         173         196         191         195         189         372         335         370         333
         168         189         246         195         273         333         339         370         359
         162         281         202         196         191         376         338         372         335
         237         235         236         249         264         357         355         349         345
          59         377         376         375         374         184          38         310          37
          15         373         372         371         370          31          32           6           1
          29         369         368         367         366         329          29         327           4
          31         366         365         367         364           4          33         327         318
          25         363         362         361         360           3         320          30         319
          11         370         359         371         358           1         177           6         178
          57         377         375         357         356         184         310         307         309
         254         232         369         226         367         330         329         328         327
         227         355         224         354         353         326         325         324         323
          11         353         358         354         359         323         178         324         177
         240         352         351         362         360         322         321         320         319
         253         367         364         226         225         327         318         328         317
          55         350         349         348         347          12         166          20         165
         234         346         345         344         343         316         315         314         313
          49         348         347         342         341          20         165         311         312
         249         341         225         342         364         312         317         311         318
           5         344         340         351         360         314         168         321         319
           5         343         339         344         340         313         161         314         168
          51         350         348         338         337          12          20          13          19
          50         337         348         336         342          19          20          18         311
          63         335         334         333         332          36          17          35          34
           7         332         340         333         339          34         168          35         161
           7         332         361         340         360          34          30         168         319
          35         342         364         336         365         311         318          18          33
          58         376         372         374         373          38          32          37          31
          29         368         331         366         363          29           2           4           3
          28         363         361         366         365           3          30           4          33
          63         338         337         335         334          13          19          36          17
          33         334         337         332         336          17          19          34          18
          35         336         365         332         361          18          33          34          30
          56         375         374         369         368         310          37         329          29
          19         331         373         363         371           2          31           3           6
          25         371         358         363         362           6         178           3         320
         254         375         369         356         232         310         329         309         330
         227         224         228         353         352         325         308         323         322
          10         352         362         353         358         322         320         323         178
          18         374         373         368         331          37          31          29           2
         225         357         356         355         224         307         309         326         325
         252         228         232         352         226         308         330         322         328
         253         226         225         352         351         328         317         322         321
          53         349         345         347         346         166         315         165         316
          48         347         346         341         344         165         316         312         314
         248         344         351         341         225         314         321         312         317
         226         356         232         224         228         309         330         325         308
          52         377         357         350         349         184         307          12         166
          79         345         355         343         354         315         326         313         324
           9         354         359         343         339         324         177         313         161
          59         377         350         376         338         184          12          38          13
          15         372         335         370         333          32          36           1          35
           9         333         339         370         359          35         161           1         177
          62         376         338         372         335          38          13          32          36
          53         357         355         349         345         307         326         166         315
          57         184          38         310          37         183         159         182         158
          13          31          32           6           1           5          25         141         142
          30         329          29         327           4         180         154         179         153
          31           4          33         327         318         153         150         179         172
          27           3         320          30         319         147         174         146         173
           8           1         177           6         178         142         175         141         176
         105         184         310         307         309         183         182         181         108
         101         330         329         328         327          67         180          84         179
          77         326         325         324         323          41         105          45         104
          69         323         178         324         177         104         176          45         175
         113         322         321         320         319         107         106         174         173
         101         327         318         328         317         179         172          84         171
          55          12         166          20         165         137         164         136         163
          91         316         315         314         313          52          61         170         169
          49          20         165         311         312         136         163         133         162
          39         312         317         311         318         162         171         133         172
          89         314         168         321         319         170         167         106         173
           4         313         161         314         168         169         160         170         167
          51          12          20          13          19         137         136          16          15
          38          19          20          18         311          15         136          10         133
          32          36          17          35          34          28          14          27          26
           3          34         168          35         161          26         167          27         160
           6          34          30         168         319          26         146         167         173
          39         311         318          18          33         133         172          10         150
          21          38          32          37          31         159          25         158           5
          17          29           2           4           3         154         129         153         147
          27           3          30           4          33         147         146         153         150
          62          13          19          36          17          16          15          28          14
          33          17          19          34          18          14          15          26          10
          34          18          33          34          30          10         150          26         146
          16         310          37         329          29         182         158         180         154
          19           2          31           3           6         129           5         147         141
          24           6         178           3         320         141         176         147         174
         103         310         329         309         330         182         180         108          67
         115         325         308         323         322         105          85         104         107
          68         322         320         323         178         107         174         104         176
          17          37          31          29           2         158           5         154         129
          77         307         309         326         325         181         108          41         105
         102         308         330         322         328          85          67         107          84
         112         328         317         322         321          84         171         107         106
          87         166         315         165         316         164          61         163          52
          90         165         316         312         314         163          52         162         170
          89         314         321         312         317         170         106         162         171
         103         309         330         325         308         108          67         105          85
          54         184         307          12         166         183         181         137         164
          79         315         326         313         324          61          41         169          45
          78         324         177         313         161          45         175         169         160
          61         184          12          38          13         183         137         159          16
          14          32          36           1          35          25          28         142          27
           3          35         161           1         177          27         160         142         175
          60          38          13          32          36         159          16          25          28
          76         307         326         166         315         181          41         164          61
         107         183         159         182         158         157         156          63         155
          13           5          25         141         142         112          23         138         140
         100         180         154         179         153          68         152          83         151
         126         153         150         179         172         151         149          83         148
         117         147         174         146         173         145          72         144         143
          71         142         175         141         176         140         139         138          99
         105         183         182         181         108         157          63         103         102
          97          67         180          84         179          66          68          81          83
          75          41         105          45         104          44          98          43          97
          69         104         176          45         175          97          99          43         139
         113         107         106         174         173          82         101          72         143
         123         179         172          84         171          83         148          81         100
          86         137         164         136         163         135          60         134          47
          91          52          61         170         169          51          59          50          58
          83         136         163         133         162         134          47         132          90
          82         162         171         133         172          90         100         132         148
          95         170         167         106         173          50         131         101         143
          95         169         160         170         167          58         130          50         131
          45         137         136          16          15         135         134         110          11
          37          15         136          10         133          11         134         114         132
          43          28          14          27          26          24           9         117         118
           1          26         167          27         160         118         131         117         130
           2          26         146         167         173         118         144         131         143
          37         133         172          10         150         132         148         114         149
          21         159          25         158           5         156          23         155         112
         126         154         129         153         147         152         128         151         145
          26         147         146         153         150         145         144         151         149
          47          16          15          28          14         110          11          24           9
          42          14          15          26          10           9          11         118         114
          36          10         150          26         146         114         149         118         144
         111         182         158         180         154          63         155          68         152
          23         129           5         147         141         128         112         145         138
         117         141         176         147         174         138          99         145          72
         104         182         180         108          67          63          68         102          66
         115         105          85         104         107          98          80          97          82
         114         107         174         104         176          82          72          97          99
          20         158           5         154         129         155         112         152         128
          74         181         108          41         105         103         102          44          98
          99          85          67         107          84          80          66          82          81
         123          84         171         107         106          81         100          82         101
          87         164          61         163          52          60          59          47          51
          81         163          52         162         170          47          51          90          50
          88         170         106         162         171          50         101          90         100
          99         108          67         105          85         102          66          98          80
          85         183         181         137         164         157         103         135          60
          75          61          41         169          45          59          44          58          43
          70          45         175         169         160          43         139          58         130
          61         183         137         159          16         157         135         156         110
          12          25          28         142          27          23          24         140         117
           1          27         160         142         175         117         130         140         139
          47         159          16          25          28         156         110          23          24
          73         181          41         164          61         103          44          60          59
         109         157         156          63         155          96         127          62         126
          23         112          23         138         140         111          21         122         123
         110          68         152          83         151          65          75          78          79
         127         151         149          83         148          79         125          78          69
         125         145          72         144         143          71          70         124          95
          71         140         139         138          99         123          40         122          88
         106         157          63         103         102          96          62          94          93
          97          66          68          81          83          64          65          76          78
          65          44          98          43          97          42          87          39          86
          64          97          99          43         139          86          88          39          40
         119          82         101          72         143          77          92          70          95
         121          83         148          81         100          78          69          76          91
          84         135          60         134          47         121          57         120          46
          93          51          59          50          58          49          56          48          55
          83         134          47         132          90         120          46         119          89
         121          90         100         132         148          89          91         119          69
          94          50         131         101         143          48          54          92          95
          93          58         130          50         131          55          53          48          54
          45         135         134         110          11         121         120         109           8
          41          11         134         114         132           8         120         113         119
          43          24           9         117         118          22           7         115         116
          67         118         131         117         130         116          54         115          53
          94         118         144         131         143         116         124          54          95
         120         132         148         114         149         119          69         113         125
          22         156          23         155         112         127          21         126         111
         124         152         128         151         145          75          74          79          71
         127         145         144         151         149          71         124          79         125
          44         110          11          24           9         109           8          22           7
          41           9          11         118         114           7           8         116         113
          40         114         149         118         144         113         125         116         124
         109          63         155          68         152          62         126          65          75
         125         128         112         145         138          74         111          71         122
         116         138          99         145          72         122          88          71          70
         108          63          68         102          66          62          65          93          64
         118          98          80          97          82          87          73          86          77
         119          82          72          97          99          77          70          86          88
         111         155         112         152         128         126         111          75          74
          72         103         102          44          98          94          93          42          87
          96          80          66          82          81          73          64          77          76
         122          81         100          82         101          76          91          77          92
          80          60          59          47          51          57          56          46          49
          81          47          51          90          50          46          49          89          48
          92          50         101          90         100          48          92          89          91
          98         102          66          98          80          93          64          87          73
          85         157         103         135          60          96          94         121          57
          65          59          44          58          43          56          42          55          39
          66          43         139          58         130          39          40          55          53
         107         157         135         156         110          96         121         127         109
           0          23          24         140         117          21          22         123         115
          67         117         130         140         139         115          53         123          40
          46         156         110          23          24         127         109          21          22
          73         103          44          60          59          94          42          57          56
